******************************************************************************
                  TI ARM Linker PC v18.1.3                     
******************************************************************************
>> Linked Tue Jul 14 16:10:28 2020

OUTPUT FILE NAME:   <ADI_Task.out>
ENTRY POINT SYMBOL: "_c_int00_noargs"  address: 000017c1


MEMORY CONFIGURATION

         name            origin    length      used     unused   attr    fill
----------------------  --------  ---------  --------  --------  ----  --------
  FLASH                 00000000   00040000  000018e4  0003e71c  R  X
  SRAM                  20000000   00008000  00000210  00007df0  RW X


SEGMENT ALLOCATION MAP

run origin  load origin   length   init length attrs members
----------  ----------- ---------- ----------- ----- -------
00000000    00000000    000018e8   000018e8    r-x
  00000000    00000000    0000026c   0000026c    r-- .intvecs
  0000026c    0000026c    000015f0   000015f0    r-x .text
  0000185c    0000185c    00000070   00000070    r-- .const
  000018d0    000018d0    00000018   00000018    r-- .cinit
20000000    20000000    00000210   00000000    rw-
  20000000    20000000    00000200   00000000    rw- .stack
  20000200    20000200    00000010   00000000    rw- .data


SECTION ALLOCATION MAP

 output                                  attributes/
section   page    origin      length       input sections
--------  ----  ----------  ----------   ----------------
.intvecs   0    00000000    0000026c     
                  00000000    0000026c     tm4c123gh6pm_startup_ccs.obj (.intvecs)

.text      0    0000026c    000015f0     
                  0000026c    00000868     GPIO.obj (.text)
                  00000ad4    000003d0     ADC.obj (.text)
                  00000ea4    00000258     UART.obj (.text)
                  000010fc    000001ca     App.obj (.text)
                  000012c6    000001b6     rtsv7M4_T_le_v4SPD16_eabi.lib : fd_add_t2.asm.obj (.text)
                  0000147c    000000fc                                   : fd_mul_t2.asm.obj (.text)
                  00001578    0000009c                                   : memcpy_t2.asm.obj (.text)
                  00001614    00000078     SysTick.obj (.text)
                  0000168c    00000068     rtsv7M4_T_le_v4SPD16_eabi.lib : copy_decompress_lzss.c.obj (.text:decompress:lzss:__TI_decompress_lzss)
                  000016f4    00000048                                   : fd_toi_t2.asm.obj (.text)
                  0000173c    00000044                                   : autoinit.c.obj (.text:__TI_auto_init_nobinit_nopinit:__TI_auto_init_nobinit_nopinit)
                  00001780    00000040     OS.obj (.text)
                  000017c0    00000038     rtsv7M4_T_le_v4SPD16_eabi.lib : boot_cortex_m.c.obj (.text:_c_int00_noargs:_c_int00_noargs)
                  000017f8    00000038                                   : fs_tod_t2.asm.obj (.text)
                  00001830    0000000e                                   : copy_decompress_none.c.obj (.text:decompress:none:__TI_decompress_none)
                  0000183e    0000000c     tm4c123gh6pm_startup_ccs.obj (.text)
                  0000184a    0000000a     main.obj (.text)
                  00001854    00000004     rtsv7M4_T_le_v4SPD16_eabi.lib : pre_init.c.obj (.text:_system_pre_init)
                  00001858    00000004                                   : exit.c.obj (.text:abort:abort)

.const     0    0000185c    00000070     
                  0000185c    00000028     GPIO_Cfg.obj (.const:GPIO_ConfigParam)
                  00001884    00000018     ADC_Cfg.obj (.const:ADC_ConfigParam)
                  0000189c    00000018     GPIO.obj (.const:PortsBaseAddressLut)
                  000018b4    00000010     UART_Cfg.obj (.const:UART_ConfigParam)
                  000018c4    00000008     ADC.obj (.const:ChannelsBaseAddressLut)

.cinit     0    000018d0    00000018     
                  000018d0    00000008     (__TI_handler_table)
                  000018d8    00000007     (.cinit..data.load) [load image, compression = lzss]
                  000018df    00000001     --HOLE-- [fill = 0]
                  000018e0    00000008     (__TI_cinit_table)

.init_array 
*          0    00000000    00000000     UNINITIALIZED

.data      0    20000200    00000010     UNINITIALIZED
                  20000200    00000008     UART.obj (.data:UART_GroupState)
                  20000208    00000004     SysTick.obj (.data)
                  2000020c    00000002     GPIO.obj (.data:GPIO_GroupState)
                  2000020e    00000001     ADC.obj (.data:ADC_GroupState)
                  2000020f    00000001     OS.obj (.data)

.stack     0    20000000    00000200     UNINITIALIZED
                  20000000    00000004     rtsv7M4_T_le_v4SPD16_eabi.lib : boot_cortex_m.c.obj (.stack)
                  20000004    000001fc     --HOLE--

MODULE SUMMARY

       Module                         code   ro data   rw data
       ------                         ----   -------   -------
    .\
       GPIO.obj                       2152   24        2      
       ADC.obj                        976    8         1      
       tm4c123gh6pm_startup_ccs.obj   12     620       0      
       UART.obj                       600    0         8      
       App.obj                        458    0         0      
       SysTick.obj                    120    0         4      
       OS.obj                         64     0         1      
       GPIO_Cfg.obj                   0      40        0      
       ADC_Cfg.obj                    0      24        0      
       UART_Cfg.obj                   0      16        0      
       main.obj                       10     0         0      
    +--+------------------------------+------+---------+---------+
       Total:                         4392   732       16     
                                                              
    C:\ti\ccsv8\tools\compiler\ti-cgt-arm_18.1.3.LTS\lib\rtsv7M4_T_le_v4SPD16_eabi.lib
       fd_add_t2.asm.obj              438    0         0      
       fd_mul_t2.asm.obj              252    0         0      
       memcpy_t2.asm.obj              156    0         0      
       copy_decompress_lzss.c.obj     104    0         0      
       fd_toi_t2.asm.obj              72     0         0      
       autoinit.c.obj                 68     0         0      
       boot_cortex_m.c.obj            56     0         0      
       fs_tod_t2.asm.obj              56     0         0      
       copy_decompress_none.c.obj     14     0         0      
       exit.c.obj                     4      0         0      
       pre_init.c.obj                 4      0         0      
    +--+------------------------------+------+---------+---------+
       Total:                         1224   0         0      
                                                              
       Stack:                         0      0         512    
       Linker Generated:              0      23        0      
    +--+------------------------------+------+---------+---------+
       Grand Total:                   5616   755       528    


LINKER GENERATED COPY TABLES

__TI_cinit_table @ 000018e0 records: 1, size/record: 8, table size: 8
	.data: load addr=000018d8, load size=00000007 bytes, run addr=20000200, run size=00000010 bytes, compression=lzss


LINKER GENERATED HANDLER TABLE

__TI_handler_table @ 000018d0 records: 2, size/record: 4, table size: 8
	index: 0, handler: __TI_decompress_lzss
	index: 1, handler: __TI_decompress_none


GLOBAL SYMBOLS: SORTED ALPHABETICALLY BY Name 

address   name                          
-------   ----                          
00000d87  ADC_Clk                       
00001884  ADC_ConfigParam               
00000ad5  ADC_Init                      
00000dbb  ADC_Read                      
00001297  App_Task                      
00001859  C$$EXIT                       
00000901  GPIO_ClrInterruptFlag         
0000185c  GPIO_ConfigParam              
00000981  GPIO_GetInterruptStatus       
0000026d  GPIO_Init                     
000004ff  GPIO_Read                     
00000581  GPIO_SetAlternFuntion         
00000601  GPIO_SetInterruptEvent        
00000485  GPIO_Write                    
000010fd  Init_Task                     
00001799  OS_NewTimerTick               
000017a1  OS_Scheduler                  
00001781  OS_Start                      
0000183f  ResetISR                      
00001667  SysTick_ISR                   
00001657  SysTick_SetCallBack           
00001615  SysTick_Start                 
000018b4  UART_ConfigParam              
00000ea5  UART_Init                     
00001051  UART_Reception                
00000fe5  UART_Transmission             
20000200  __STACK_END                   
00000200  __STACK_SIZE                  
20000200  __STACK_TOP                   
000018e0  __TI_CINIT_Base               
000018e8  __TI_CINIT_Limit              
000018d0  __TI_Handler_Table_Base       
000018d8  __TI_Handler_Table_Limit      
0000173d  __TI_auto_init_nobinit_nopinit
0000168d  __TI_decompress_lzss          
00001831  __TI_decompress_none          
ffffffff  __TI_pprof_out_hndl           
ffffffff  __TI_prof_data_size           
ffffffff  __TI_prof_data_start          
00000000  __TI_static_base__            
000016f5  __aeabi_d2iz                  
000012d1  __aeabi_dadd                  
0000147d  __aeabi_dmul                  
000012c7  __aeabi_dsub                  
000017f9  __aeabi_f2d                   
00001579  __aeabi_memcpy                
00001579  __aeabi_memcpy4               
00001579  __aeabi_memcpy8               
ffffffff  __binit__                     
ffffffff  __c_args__                    
UNDEFED   __mpu_init                    
20000000  __stack                       
000017c1  _c_int00_noargs               
UNDEFED   _system_post_cinit            
00001855  _system_pre_init              
00001859  abort                         
ffffffff  binit                         
00000000  g_pfnVectors                  
0000184b  main                          
00001579  memcpy                        
00001141  uLawCompanding                


GLOBAL SYMBOLS: SORTED BY Symbol Address 

address   name                          
-------   ----                          
00000000  __TI_static_base__            
00000000  g_pfnVectors                  
00000200  __STACK_SIZE                  
0000026d  GPIO_Init                     
00000485  GPIO_Write                    
000004ff  GPIO_Read                     
00000581  GPIO_SetAlternFuntion         
00000601  GPIO_SetInterruptEvent        
00000901  GPIO_ClrInterruptFlag         
00000981  GPIO_GetInterruptStatus       
00000ad5  ADC_Init                      
00000d87  ADC_Clk                       
00000dbb  ADC_Read                      
00000ea5  UART_Init                     
00000fe5  UART_Transmission             
00001051  UART_Reception                
000010fd  Init_Task                     
00001141  uLawCompanding                
00001297  App_Task                      
000012c7  __aeabi_dsub                  
000012d1  __aeabi_dadd                  
0000147d  __aeabi_dmul                  
00001579  __aeabi_memcpy                
00001579  __aeabi_memcpy4               
00001579  __aeabi_memcpy8               
00001579  memcpy                        
00001615  SysTick_Start                 
00001657  SysTick_SetCallBack           
00001667  SysTick_ISR                   
0000168d  __TI_decompress_lzss          
000016f5  __aeabi_d2iz                  
0000173d  __TI_auto_init_nobinit_nopinit
00001781  OS_Start                      
00001799  OS_NewTimerTick               
000017a1  OS_Scheduler                  
000017c1  _c_int00_noargs               
000017f9  __aeabi_f2d                   
00001831  __TI_decompress_none          
0000183f  ResetISR                      
0000184b  main                          
00001855  _system_pre_init              
00001859  C$$EXIT                       
00001859  abort                         
0000185c  GPIO_ConfigParam              
00001884  ADC_ConfigParam               
000018b4  UART_ConfigParam              
000018d0  __TI_Handler_Table_Base       
000018d8  __TI_Handler_Table_Limit      
000018e0  __TI_CINIT_Base               
000018e8  __TI_CINIT_Limit              
20000000  __stack                       
20000200  __STACK_END                   
20000200  __STACK_TOP                   
ffffffff  __TI_pprof_out_hndl           
ffffffff  __TI_prof_data_size           
ffffffff  __TI_prof_data_start          
ffffffff  __binit__                     
ffffffff  __c_args__                    
ffffffff  binit                         
UNDEFED   __mpu_init                    
UNDEFED   _system_post_cinit            

[61 symbols]
